// Jest Snapshot v1, https://goo.gl/fbAQLP

exports[`a snapshot of sum(5,3) 1`] = `8`;
